// Jest Snapshot v1, https://goo.gl/fbAQLP

exports[`Testing suite TableCryptoCoins component Renders correctly - Snapshot 1`] = `
<div
  className="makeStyles-root-1"
>
  <div
    className="MuiPaper-root makeStyles-paper-2 MuiPaper-elevation1 MuiPaper-rounded"
  >
    <div
      className="MuiToolbar-root MuiToolbar-regular makeStyles-root-5 MuiToolbar-gutters"
    >
      <div
        className="MuiTypography-root makeStyles-title-7 MuiTypography-h6"
        id="tableTitle"
      >
        Cypto Coins List
      </div>
    </div>
    <div
      className="MuiTableContainer-root"
    >
      <table
        aria-label="enhanced table"
        aria-labelledby="tableTitle"
        className="MuiTable-root makeStyles-table-3"
        data-cy="dataGridCryptoCoins"
        role={null}
      >
        <thead
          className="MuiTableHead-root"
          role={null}
        >
          <tr
            className="MuiTableRow-root MuiTableRow-head"
            role={null}
          >
            <th
              aria-sort={null}
              className="MuiTableCell-root MuiTableCell-head"
              scope="col"
            >
              <span
                aria-disabled={false}
                className="MuiButtonBase-root MuiTableSortLabel-root"
                onBlur={[Function]}
                onClick={[Function]}
                onDragLeave={[Function]}
                onFocus={[Function]}
                onKeyDown={[Function]}
                onKeyUp={[Function]}
                onMouseDown={[Function]}
                onMouseLeave={[Function]}
                onMouseUp={[Function]}
                onTouchEnd={[Function]}
                onTouchMove={[Function]}
                onTouchStart={[Function]}
                role="button"
                tabIndex={0}
              >
                Symbol
                <svg
                  aria-hidden={true}
                  className="MuiSvgIcon-root MuiTableSortLabel-icon MuiTableSortLabel-iconDirectionAsc"
                  focusable="false"
                  viewBox="0 0 24 24"
                >
                  <path
                    d="M20 12l-1.41-1.41L13 16.17V4h-2v12.17l-5.58-5.59L4 12l8 8 8-8z"
                  />
                </svg>
              </span>
            </th>
            <th
              aria-sort={null}
              className="MuiTableCell-root MuiTableCell-head"
              scope="col"
            >
              <span
                aria-disabled={false}
                className="MuiButtonBase-root MuiTableSortLabel-root"
                onBlur={[Function]}
                onClick={[Function]}
                onDragLeave={[Function]}
                onFocus={[Function]}
                onKeyDown={[Function]}
                onKeyUp={[Function]}
                onMouseDown={[Function]}
                onMouseLeave={[Function]}
                onMouseUp={[Function]}
                onTouchEnd={[Function]}
                onTouchMove={[Function]}
                onTouchStart={[Function]}
                role="button"
                tabIndex={0}
              >
                Name
                <svg
                  aria-hidden={true}
                  className="MuiSvgIcon-root MuiTableSortLabel-icon MuiTableSortLabel-iconDirectionAsc"
                  focusable="false"
                  viewBox="0 0 24 24"
                >
                  <path
                    d="M20 12l-1.41-1.41L13 16.17V4h-2v12.17l-5.58-5.59L4 12l8 8 8-8z"
                  />
                </svg>
              </span>
            </th>
            <th
              aria-sort="ascending"
              className="MuiTableCell-root MuiTableCell-head"
              scope="col"
            >
              <span
                aria-disabled={false}
                className="MuiButtonBase-root MuiTableSortLabel-root MuiTableSortLabel-active"
                onBlur={[Function]}
                onClick={[Function]}
                onDragLeave={[Function]}
                onFocus={[Function]}
                onKeyDown={[Function]}
                onKeyUp={[Function]}
                onMouseDown={[Function]}
                onMouseLeave={[Function]}
                onMouseUp={[Function]}
                onTouchEnd={[Function]}
                onTouchMove={[Function]}
                onTouchStart={[Function]}
                role="button"
                tabIndex={0}
              >
                Rank
                <span
                  className="makeStyles-visuallyHidden-4"
                >
                  sorted ascending
                </span>
                <svg
                  aria-hidden={true}
                  className="MuiSvgIcon-root MuiTableSortLabel-icon MuiTableSortLabel-iconDirectionAsc"
                  focusable="false"
                  viewBox="0 0 24 24"
                >
                  <path
                    d="M20 12l-1.41-1.41L13 16.17V4h-2v12.17l-5.58-5.59L4 12l8 8 8-8z"
                  />
                </svg>
              </span>
            </th>
            <th
              aria-sort={null}
              className="MuiTableCell-root MuiTableCell-head"
              scope="col"
            >
              <span
                aria-disabled={false}
                className="MuiButtonBase-root MuiTableSortLabel-root"
                onBlur={[Function]}
                onClick={[Function]}
                onDragLeave={[Function]}
                onFocus={[Function]}
                onKeyDown={[Function]}
                onKeyUp={[Function]}
                onMouseDown={[Function]}
                onMouseLeave={[Function]}
                onMouseUp={[Function]}
                onTouchEnd={[Function]}
                onTouchMove={[Function]}
                onTouchStart={[Function]}
                role="button"
                tabIndex={0}
              >
                Price USD
                <svg
                  aria-hidden={true}
                  className="MuiSvgIcon-root MuiTableSortLabel-icon MuiTableSortLabel-iconDirectionAsc"
                  focusable="false"
                  viewBox="0 0 24 24"
                >
                  <path
                    d="M20 12l-1.41-1.41L13 16.17V4h-2v12.17l-5.58-5.59L4 12l8 8 8-8z"
                  />
                </svg>
              </span>
            </th>
            <th
              aria-sort={null}
              className="MuiTableCell-root MuiTableCell-head"
              scope="col"
            >
              <span
                aria-disabled={false}
                className="MuiButtonBase-root MuiTableSortLabel-root"
                onBlur={[Function]}
                onClick={[Function]}
                onDragLeave={[Function]}
                onFocus={[Function]}
                onKeyDown={[Function]}
                onKeyUp={[Function]}
                onMouseDown={[Function]}
                onMouseLeave={[Function]}
                onMouseUp={[Function]}
                onTouchEnd={[Function]}
                onTouchMove={[Function]}
                onTouchStart={[Function]}
                role="button"
                tabIndex={0}
              >
                Market Cap USD
                <svg
                  aria-hidden={true}
                  className="MuiSvgIcon-root MuiTableSortLabel-icon MuiTableSortLabel-iconDirectionAsc"
                  focusable="false"
                  viewBox="0 0 24 24"
                >
                  <path
                    d="M20 12l-1.41-1.41L13 16.17V4h-2v12.17l-5.58-5.59L4 12l8 8 8-8z"
                  />
                </svg>
              </span>
            </th>
            <th
              aria-sort={null}
              className="MuiTableCell-root MuiTableCell-head"
              scope="col"
            >
              <span
                aria-disabled={false}
                className="MuiButtonBase-root MuiTableSortLabel-root"
                onBlur={[Function]}
                onClick={[Function]}
                onDragLeave={[Function]}
                onFocus={[Function]}
                onKeyDown={[Function]}
                onKeyUp={[Function]}
                onMouseDown={[Function]}
                onMouseLeave={[Function]}
                onMouseUp={[Function]}
                onTouchEnd={[Function]}
                onTouchMove={[Function]}
                onTouchStart={[Function]}
                role="button"
                tabIndex={0}
              >
                Actions
                <svg
                  aria-hidden={true}
                  className="MuiSvgIcon-root MuiTableSortLabel-icon MuiTableSortLabel-iconDirectionAsc"
                  focusable="false"
                  viewBox="0 0 24 24"
                >
                  <path
                    d="M20 12l-1.41-1.41L13 16.17V4h-2v12.17l-5.58-5.59L4 12l8 8 8-8z"
                  />
                </svg>
              </span>
            </th>
          </tr>
        </thead>
        <tbody
          className="MuiTableBody-root"
          role={null}
        >
          <tr
            className="MuiTableRow-root"
            role={null}
            style={
              Object {
                "height": 265,
              }
            }
          >
            <td
              aria-sort={null}
              className="MuiTableCell-root MuiTableCell-body"
              colSpan={6}
            />
          </tr>
        </tbody>
      </table>
    </div>
    <div
      className="MuiTablePagination-root"
    >
      <div
        className="MuiToolbar-root MuiToolbar-regular MuiTablePagination-toolbar MuiToolbar-gutters"
      >
        <div
          className="MuiTablePagination-spacer"
        />
        <p
          className="MuiTypography-root MuiTablePagination-caption MuiTypography-body2 MuiTypography-colorInherit"
        >
          Rows per page:
        </p>
        <div
          className="MuiInputBase-root MuiTablePagination-input MuiTablePagination-selectRoot"
          onClick={[Function]}
        >
          <div
            aria-haspopup="listbox"
            className="MuiSelect-root MuiSelect-select MuiTablePagination-select MuiSelect-selectMenu MuiInputBase-input"
            onBlur={[Function]}
            onFocus={[Function]}
            onKeyDown={[Function]}
            onMouseDown={[Function]}
            role="button"
            tabIndex={0}
          >
            5
          </div>
          <input
            aria-hidden={true}
            className="MuiSelect-nativeInput"
            onAnimationStart={[Function]}
            onChange={[Function]}
            tabIndex={-1}
            value={5}
          />
          <svg
            aria-hidden={true}
            className="MuiSvgIcon-root MuiSelect-icon MuiTablePagination-selectIcon"
            focusable="false"
            viewBox="0 0 24 24"
          >
            <path
              d="M7 10l5 5 5-5z"
            />
          </svg>
        </div>
        <p
          className="MuiTypography-root MuiTablePagination-caption MuiTypography-body2 MuiTypography-colorInherit"
        >
          0-0 of 0
        </p>
        <div
          className="MuiTablePagination-actions"
        >
          <button
            aria-label="Previous page"
            className="MuiButtonBase-root MuiIconButton-root MuiIconButton-colorInherit Mui-disabled Mui-disabled"
            disabled={true}
            onBlur={[Function]}
            onClick={[Function]}
            onDragLeave={[Function]}
            onFocus={[Function]}
            onKeyDown={[Function]}
            onKeyUp={[Function]}
            onMouseDown={[Function]}
            onMouseLeave={[Function]}
            onMouseUp={[Function]}
            onTouchEnd={[Function]}
            onTouchMove={[Function]}
            onTouchStart={[Function]}
            tabIndex={-1}
            title="Previous page"
            type="button"
          >
            <span
              className="MuiIconButton-label"
            >
              <svg
                aria-hidden={true}
                className="MuiSvgIcon-root"
                focusable="false"
                viewBox="0 0 24 24"
              >
                <path
                  d="M15.41 16.09l-4.58-4.59 4.58-4.59L14 5.5l-6 6 6 6z"
                />
              </svg>
            </span>
          </button>
          <button
            aria-label="Next page"
            className="MuiButtonBase-root MuiIconButton-root MuiIconButton-colorInherit Mui-disabled Mui-disabled"
            disabled={true}
            onBlur={[Function]}
            onClick={[Function]}
            onDragLeave={[Function]}
            onFocus={[Function]}
            onKeyDown={[Function]}
            onKeyUp={[Function]}
            onMouseDown={[Function]}
            onMouseLeave={[Function]}
            onMouseUp={[Function]}
            onTouchEnd={[Function]}
            onTouchMove={[Function]}
            onTouchStart={[Function]}
            tabIndex={-1}
            title="Next page"
            type="button"
          >
            <span
              className="MuiIconButton-label"
            >
              <svg
                aria-hidden={true}
                className="MuiSvgIcon-root"
                focusable="false"
                viewBox="0 0 24 24"
              >
                <path
                  d="M8.59 16.34l4.58-4.59-4.58-4.59L10 5.75l6 6-6 6z"
                />
              </svg>
            </span>
          </button>
        </div>
      </div>
    </div>
  </div>
  <label
    className="MuiFormControlLabel-root"
  >
    <span
      className="MuiSwitch-root"
    >
      <span
        aria-disabled={false}
        className="MuiButtonBase-root MuiIconButton-root PrivateSwitchBase-root-8 MuiSwitch-switchBase MuiSwitch-colorSecondary"
        onBlur={[Function]}
        onDragLeave={[Function]}
        onFocus={[Function]}
        onKeyDown={[Function]}
        onKeyUp={[Function]}
        onMouseDown={[Function]}
        onMouseLeave={[Function]}
        onMouseUp={[Function]}
        onTouchEnd={[Function]}
        onTouchMove={[Function]}
        onTouchStart={[Function]}
        tabIndex={null}
      >
        <span
          className="MuiIconButton-label"
        >
          <input
            checked={false}
            className="PrivateSwitchBase-input-11 MuiSwitch-input"
            onChange={[Function]}
            type="checkbox"
          />
          <span
            className="MuiSwitch-thumb"
          />
        </span>
      </span>
      <span
        className="MuiSwitch-track"
      />
    </span>
    <span
      className="MuiTypography-root MuiFormControlLabel-label MuiTypography-body1"
    >
      Dense padding
    </span>
  </label>
</div>
`;
